

================================================================
== Vivado HLS Report for 'dense_large_rf_gt_ni'
================================================================
* Date:           Tue Mar  2 23:01:25 2021

* Version:        2018.3 (Build 2405991 on Thu Dec 06 23:56:15 MST 2018)
* Project:        myproject_prj
* Solution:       solution1
* Product family: zynq
* Target device:  xc7z007sclg225-1


================================================================
== Performance Estimates
================================================================
+ Timing (ns): 
    * Summary: 
    +--------+-------+----------+------------+
    |  Clock | Target| Estimated| Uncertainty|
    +--------+-------+----------+------------+
    |ap_clk  |   5.00|     4.231|        0.62|
    +--------+-------+----------+------------+

+ Latency (clock cycles): 
    * Summary: 
    +------+------+------+------+---------+
    |   Latency   |   Interval  | Pipeline|
    |  min |  max |  min |  max |   Type  |
    +------+------+------+------+---------+
    |  4163|  8771|  4163|  8771|   none  |
    +------+------+------+------+---------+

    + Detail: 
        * Instance: 
        +--------------------+---------+-----+-----+-----+-----+---------+
        |                    |         |  Latency  |  Interval | Pipeline|
        |      Instance      |  Module | min | max | min | max |   Type  |
        +--------------------+---------+-----+-----+-----+-----+---------+
        |grp_product_fu_263  |product  |    4|    4|    4|    4|   none  |
        +--------------------+---------+-----+-----+-----+-----+---------+

        * Loop: 
        +-------------+------+------+----------+-----------+-----------+-------+----------+
        |             |   Latency   | Iteration|  Initiation Interval  |  Trip |          |
        |  Loop Name  |  min |  max |  Latency |  achieved |   target  | Count | Pipelined|
        +-------------+------+------+----------+-----------+-----------+-------+----------+
        |- InitAccum  |    16|    16|         1|          -|          -|     16|    no    |
        |- ReuseLoop  |  4096|  8704|  16 ~ 34 |          -|          -|    256|    no    |
        | + MultLoop  |    11|    28|        11|          -|          -| 1 ~ 2 |    no    |
        |- Result     |    48|    48|         3|          -|          -|     16|    no    |
        +-------------+------+------+----------+-----------+-----------+-------+----------+



================================================================
== Utilization Estimates
================================================================
* Summary: 
+-----------------+---------+-------+-------+-------+
|       Name      | BRAM_18K| DSP48E|   FF  |  LUT  |
+-----------------+---------+-------+-------+-------+
|DSP              |        -|      -|      -|      -|
|Expression       |        -|      -|      0|    358|
|FIFO             |        -|      -|      -|      -|
|Instance         |        -|      1|     55|    147|
|Memory           |        1|      -|     31|     16|
|Multiplexer      |        -|      -|      -|    202|
|Register         |        -|      -|    270|      -|
+-----------------+---------+-------+-------+-------+
|Total            |        1|      1|    356|    723|
+-----------------+---------+-------+-------+-------+
|Available        |      100|     66|  28800|  14400|
+-----------------+---------+-------+-------+-------+
|Utilization (%)  |        1|      1|      1|      5|
+-----------------+---------+-------+-------+-------+

+ Detail: 
    * Instance: 
    +--------------------+---------+---------+-------+----+-----+
    |      Instance      |  Module | BRAM_18K| DSP48E| FF | LUT |
    +--------------------+---------+---------+-------+----+-----+
    |grp_product_fu_263  |product  |        0|      1|  55|  147|
    +--------------------+---------+---------+-------+----+-----+
    |Total               |         |        0|      1|  55|  147|
    +--------------------+---------+---------+-------+----+-----+

    * DSP48: 
    N/A

    * Memory: 
    +-----------+------------------------------+---------+----+----+------+-----+------+-------------+
    |   Memory  |            Module            | BRAM_18K| FF | LUT| Words| Bits| Banks| W*Bits*Banks|
    +-----------+------------------------------+---------+----+----+------+-----+------+-------------+
    |acc_V_U    |dense_large_rf_gt_ni_acc_V    |        0|  28|   4|    16|   14|     1|          224|
    |outidx6_U  |dense_large_rf_gt_ni_outidx6  |        0|   3|  12|   256|    3|     1|          768|
    |w7_V_U     |dense_large_rf_gt_ni_w7_V     |        1|   0|   0|   256|   25|     1|         6400|
    +-----------+------------------------------+---------+----+----+------+-----+------+-------------+
    |Total      |                              |        1|  31|  16|   528|   42|     3|         7392|
    +-----------+------------------------------+---------+----+----+------+-----+------+-------------+

    * FIFO: 
    N/A

    * Expression: 
    +-----------------------+----------+-------+---+----+------------+------------+
    |     Variable Name     | Operation| DSP48E| FF| LUT| Bitwidth P0| Bitwidth P1|
    +-----------------------+----------+-------+---+----+------------+------------+
    |iacc_1_fu_280_p2       |     +    |      0|  0|  15|           5|           1|
    |im_1_fu_328_p2         |     +    |      0|  0|  10|           2|           1|
    |in_index_1_fu_493_p2   |     +    |      0|  0|  39|          32|           1|
    |ir_fu_301_p2           |     +    |      0|  0|  15|           9|           1|
    |ires_1_fu_527_p2       |     +    |      0|  0|  15|           5|           1|
    |out_index_1_fu_487_p2  |     +    |      0|  0|  15|           5|           4|
    |p_Val2_7_fu_429_p2     |     +    |      0|  0|  19|          14|          14|
    |ret_V_fu_415_p2        |     +    |      0|  0|  21|          15|          15|
    |w_index_1_fu_473_p2    |     +    |      0|  0|  14|          10|           9|
    |tmp_96_fu_381_p2       |     -    |      0|  0|  15|           5|           5|
    |overflow_fu_449_p2     |    and   |      0|  0|   2|           1|           1|
    |underflow_fu_461_p2    |    and   |      0|  0|   2|           1|           1|
    |exitcond4_fu_274_p2    |   icmp   |      0|  0|  11|           5|           6|
    |exitcond_fu_295_p2     |   icmp   |      0|  0|  13|           9|          10|
    |icmp_fu_509_p2         |   icmp   |      0|  0|  18|          27|           1|
    |tmp_68_fu_521_p2       |   icmp   |      0|  0|  11|           5|           6|
    |tmp_98_fu_393_p2       |   lshr   |      0|  0|  85|          28|          28|
    |p_s_fu_514_p3          |  select  |      0|  0|  32|           1|           1|
    |brmerge6_fu_467_p2     |    xor   |      0|  0|   2|           1|           1|
    |tmp_15_fu_443_p2       |    xor   |      0|  0|   2|           1|           2|
    |tmp_72_fu_455_p2       |    xor   |      0|  0|   2|           1|           2|
    +-----------------------+----------+-------+---+----+------------+------------+
    |Total                  |          |      0|  0| 358|         182|         111|
    +-----------------------+----------+-------+---+----+------------+------------+

    * Multiplexer: 
    +--------------------+----+-----------+-----+-----------+
    |        Name        | LUT| Input Size| Bits| Total Bits|
    +--------------------+----+-----------+-----+-----------+
    |acc_V_address0      |  27|          5|    4|         20|
    |acc_V_d0            |  27|          5|   14|         70|
    |ap_NS_fsm           |  85|         17|    1|         17|
    |iacc_reg_187        |   9|          2|    5|         10|
    |im_reg_221          |   9|          2|    2|          4|
    |in_index_reg_209    |   9|          2|   32|         64|
    |ires_reg_252        |   9|          2|    5|         10|
    |out_index1_reg_232  |   9|          2|    5|         10|
    |w_index1_reg_242    |   9|          2|   10|         20|
    |w_index_reg_198     |   9|          2|    9|         18|
    +--------------------+----+-----------+-----+-----------+
    |Total               | 202|         41|   87|        243|
    +--------------------+----+-----------+-----+-----------+

    * Register: 
    +---------------------------------+----+----+-----+-----------+
    |               Name              | FF | LUT| Bits| Const Bits|
    +---------------------------------+----+----+-----+-----------+
    |acc_V_addr_2_reg_613             |   4|   0|    4|          0|
    |ap_CS_fsm                        |  16|   0|   16|          0|
    |brmerge6_reg_632                 |   1|   0|    1|          0|
    |data_V_load_reg_579              |  14|   0|   14|          0|
    |grp_product_fu_263_ap_start_reg  |   1|   0|    1|          0|
    |iacc_reg_187                     |   5|   0|    5|          0|
    |im_1_reg_588                     |   2|   0|    2|          0|
    |im_reg_221                       |   2|   0|    2|          0|
    |in_index_1_reg_649               |  32|   0|   32|          0|
    |in_index_reg_209                 |  32|   0|   32|          0|
    |ir_reg_554                       |   9|   0|    9|          0|
    |ires_1_reg_667                   |   5|   0|    5|          0|
    |ires_reg_252                     |   5|   0|    5|          0|
    |out_index1_reg_232               |   5|   0|    5|          0|
    |out_index_reg_564                |   3|   0|    3|          0|
    |overflow_reg_624                 |   1|   0|    1|          0|
    |p_Val2_5_reg_618                 |  14|   0|   14|          0|
    |reg_269                          |  14|   0|   14|          0|
    |tmp_103_reg_654                  |  27|   0|   27|          0|
    |tmp_70_reg_672                   |   5|   0|   64|         59|
    |tmp_91_reg_584                   |   1|   0|    1|          0|
    |tmp_96_reg_603                   |   4|   0|    5|          1|
    |tmp_99_reg_608                   |  14|   0|   14|          0|
    |underflow_reg_628                |   1|   0|    1|          0|
    |w7_V_load_reg_598                |  25|   0|   25|          0|
    |w_index1_reg_242                 |  10|   0|   10|          0|
    |w_index_cast_reg_546             |   9|   0|   10|          1|
    |w_index_reg_198                  |   9|   0|    9|          0|
    +---------------------------------+----+----+-----+-----------+
    |Total                            | 270|   0|  331|         61|
    +---------------------------------+----+----+-----+-----------+



================================================================
== Interface
================================================================
* Summary: 
+-----------------+-----+-----+------------+----------------------+--------------+
|    RTL Ports    | Dir | Bits|  Protocol  |     Source Object    |    C Type    |
+-----------------+-----+-----+------------+----------------------+--------------+
|ap_clk           |  in |    1| ap_ctrl_hs | dense_large_rf_gt_ni | return value |
|ap_rst           |  in |    1| ap_ctrl_hs | dense_large_rf_gt_ni | return value |
|ap_start         |  in |    1| ap_ctrl_hs | dense_large_rf_gt_ni | return value |
|ap_done          | out |    1| ap_ctrl_hs | dense_large_rf_gt_ni | return value |
|ap_idle          | out |    1| ap_ctrl_hs | dense_large_rf_gt_ni | return value |
|ap_ready         | out |    1| ap_ctrl_hs | dense_large_rf_gt_ni | return value |
|data_V_address0  | out |    5|  ap_memory |        data_V        |     array    |
|data_V_ce0       | out |    1|  ap_memory |        data_V        |     array    |
|data_V_q0        |  in |   14|  ap_memory |        data_V        |     array    |
|res_V_address0   | out |    4|  ap_memory |         res_V        |     array    |
|res_V_ce0        | out |    1|  ap_memory |         res_V        |     array    |
|res_V_we0        | out |    1|  ap_memory |         res_V        |     array    |
|res_V_d0         | out |   14|  ap_memory |         res_V        |     array    |
+-----------------+-----+-----+------------+----------------------+--------------+

