

================================================================
== Vivado HLS Report for 'relu_1'
================================================================
* Date:           Tue Mar  2 23:01:24 2021

* Version:        2018.3 (Build 2405991 on Thu Dec 06 23:56:15 MST 2018)
* Project:        myproject_prj
* Solution:       solution1
* Product family: zynq
* Target device:  xc7z007sclg225-1


================================================================
== Performance Estimates
================================================================
+ Timing (ns): 
    * Summary: 
    +--------+-------+----------+------------+
    |  Clock | Target| Estimated| Uncertainty|
    +--------+-------+----------+------------+
    |ap_clk  |   5.00|     3.254|        0.62|
    +--------+-------+----------+------------+

+ Latency (clock cycles): 
    * Summary: 
    +-------+-------+-------+-------+---------+
    |    Latency    |    Interval   | Pipeline|
    |  min  |  max  |  min  |  max  |   Type  |
    +-------+-------+-------+-------+---------+
    |  26913|  26913|  26913|  26913|   none  |
    +-------+-------+-------+-------+---------+

    + Detail: 
        * Instance: 
        N/A

        * Loop: 
        +----------+-------+-------+----------+-----------+-----------+------+----------+
        |          |    Latency    | Iteration|  Initiation Interval  | Trip |          |
        | Loop Name|  min  |  max  |  Latency |  achieved |   target  | Count| Pipelined|
        +----------+-------+-------+----------+-----------+-----------+------+----------+
        |- Loop 1  |  26912|  26912|         4|          -|          -|  6728|    no    |
        +----------+-------+-------+----------+-----------+-----------+------+----------+



================================================================
== Utilization Estimates
================================================================
* Summary: 
+-----------------+---------+-------+-------+-------+
|       Name      | BRAM_18K| DSP48E|   FF  |  LUT  |
+-----------------+---------+-------+-------+-------+
|DSP              |        -|      -|      -|      -|
|Expression       |        -|      -|      0|     58|
|FIFO             |        -|      -|      -|      -|
|Instance         |        -|      -|      -|      -|
|Memory           |        -|      -|      -|      -|
|Multiplexer      |        -|      -|      -|     51|
|Register         |        -|      -|     85|      -|
+-----------------+---------+-------+-------+-------+
|Total            |        0|      0|     85|    109|
+-----------------+---------+-------+-------+-------+
|Available        |      100|     66|  28800|  14400|
+-----------------+---------+-------+-------+-------+
|Utilization (%)  |        0|      0|   ~0  |   ~0  |
+-----------------+---------+-------+-------+-------+

+ Detail: 
    * Instance: 
    N/A

    * DSP48: 
    N/A

    * Memory: 
    N/A

    * FIFO: 
    N/A

    * Expression: 
    +----------------------+----------+-------+---+----+------------+------------+
    |     Variable Name    | Operation| DSP48E| FF| LUT| Bitwidth P0| Bitwidth P1|
    +----------------------+----------+-------+---+----+------------+------------+
    |ii_2_fu_61_p2         |     +    |      0|  0|  17|          13|           1|
    |tmp_2_fu_76_p2        |   icmp   |      0|  0|  13|          14|           1|
    |tmp_fu_55_p2          |   icmp   |      0|  0|  13|          13|          12|
    |ap_block_state1       |    or    |      0|  0|   2|           1|           1|
    |datareg_V_2_fu_81_p3  |  select  |      0|  0|  13|           1|          13|
    +----------------------+----------+-------+---+----+------------+------------+
    |Total                 |          |      0|  0|  58|          42|          28|
    +----------------------+----------+-------+---+----+------------+------------+

    * Multiplexer: 
    +-----------+----+-----------+-----+-----------+
    |    Name   | LUT| Input Size| Bits| Total Bits|
    +-----------+----+-----------+-----+-----------+
    |ap_NS_fsm  |  33|          6|    1|          6|
    |ap_done    |   9|          2|    1|          2|
    |ii_reg_44  |   9|          2|   13|         26|
    +-----------+----+-----------+-----+-----------+
    |Total      |  51|         10|   15|         34|
    +-----------+----+-----------+-----+-----------+

    * Register: 
    +---------------------+----+----+-----+-----------+
    |         Name        | FF | LUT| Bits| Const Bits|
    +---------------------+----+----+-----+-----------+
    |ap_CS_fsm            |   5|   0|    5|          0|
    |ap_done_reg          |   1|   0|    1|          0|
    |datareg_V_2_reg_116  |  13|   0|   13|          0|
    |datareg_V_reg_106    |  14|   0|   14|          0|
    |ii_2_reg_91          |  13|   0|   13|          0|
    |ii_reg_44            |  13|   0|   13|          0|
    |tmp_16_reg_111       |  13|   0|   13|          0|
    |tmp_s_reg_96         |  13|   0|   64|         51|
    +---------------------+----+----+-----+-----------+
    |Total                |  85|   0|  136|         51|
    +---------------------+----+----+-----+-----------+



================================================================
== Interface
================================================================
* Summary: 
+-----------------+-----+-----+------------+--------------+--------------+
|    RTL Ports    | Dir | Bits|  Protocol  | Source Object|    C Type    |
+-----------------+-----+-----+------------+--------------+--------------+
|ap_clk           |  in |    1| ap_ctrl_hs |    relu.1    | return value |
|ap_rst           |  in |    1| ap_ctrl_hs |    relu.1    | return value |
|ap_start         |  in |    1| ap_ctrl_hs |    relu.1    | return value |
|ap_done          | out |    1| ap_ctrl_hs |    relu.1    | return value |
|ap_continue      |  in |    1| ap_ctrl_hs |    relu.1    | return value |
|ap_idle          | out |    1| ap_ctrl_hs |    relu.1    | return value |
|ap_ready         | out |    1| ap_ctrl_hs |    relu.1    | return value |
|data_V_address0  | out |   13|  ap_memory |    data_V    |     array    |
|data_V_ce0       | out |    1|  ap_memory |    data_V    |     array    |
|data_V_q0        |  in |   14|  ap_memory |    data_V    |     array    |
|res_V_address0   | out |   13|  ap_memory |     res_V    |     array    |
|res_V_ce0        | out |    1|  ap_memory |     res_V    |     array    |
|res_V_we0        | out |    1|  ap_memory |     res_V    |     array    |
|res_V_d0         | out |   13|  ap_memory |     res_V    |     array    |
+-----------------+-----+-----+------------+--------------+--------------+

